// Jest Snapshot v1, https://goo.gl/fbAQLP

exports[`renders home screen 1`] = `
<View
  style={
    Array [
      Object {
        "flex": 1,
        "height": 1334,
      },
      Object {
        "backgroundColor": "#FFF",
      },
    ]
  }
  virtual={undefined}
>
  <View
    onLayout={[Function]}
  >
    <View
      style={
        Array [
          Object {
            "backgroundColor": "#F8F8F8",
            "borderBottomColor": "#a7a6ab",
            "borderBottomWidth": 0.5,
            "elevation": 3,
            "flexDirection": "row",
            "height": 64,
            "justifyContent": "center",
            "left": 0,
            "paddingLeft": 6,
            "paddingRight": 10,
            "paddingTop": 18,
            "right": 0,
            "top": 0,
          },
          Object {
            "height": 70,
          },
        ]
      }
      virtual={undefined}
    >
      <View
        style={
          Object {
            "alignItems": "flex-start",
            "alignSelf": "center",
            "flex": 1,
          }
        }
        virtual={undefined}
      >
        <View
          accessibilityComponentType={undefined}
          accessibilityLabel={undefined}
          accessibilityTraits={undefined}
          accessible={true}
          collapsable={undefined}
          hasTVPreferredFocus={undefined}
          hitSlop={undefined}
          isTVSelectable={true}
          nativeID={undefined}
          onLayout={undefined}
          onResponderGrant={[Function]}
          onResponderMove={[Function]}
          onResponderRelease={[Function]}
          onResponderTerminate={[Function]}
          onResponderTerminationRequest={[Function]}
          onStartShouldSetResponder={[Function]}
          style={
            Object {
              "alignItems": "center",
              "alignSelf": null,
              "backgroundColor": "transparent",
              "borderBottomWidth": null,
              "borderColor": null,
              "borderLeftWidth": null,
              "borderRadius": 5,
              "borderRightWidth": null,
              "borderTopWidth": null,
              "elevation": 0,
              "flexDirection": "row",
              "height": 45,
              "justifyContent": "space-between",
              "marginLeft": -3,
              "opacity": 1,
              "paddingBottom": 6,
              "paddingLeft": 4,
              "paddingRight": 6,
              "paddingTop": 6,
              "shadowColor": null,
              "shadowOffset": null,
              "shadowOpacity": null,
              "shadowRadius": null,
            }
          }
          testID={undefined}
          tvParallaxProperties={undefined}
        >
          <Text
            accessible={true}
            allowFontScaling={true}
            ellipsizeMode="tail"
          />
        </View>
      </View>
      <View
        style={
          Array [
            Object {
              "alignItems": "center",
              "alignSelf": "center",
              "flex": 1,
            },
            Object {
              "alignContent": "center",
              "alignSelf": "center",
              "flexDirection": "row",
              "justifyContent": "center",
            },
          ]
        }
        virtual={undefined}
      >
        <Text
          accessible={true}
          allowFontScaling={false}
          ellipsizeMode="tail"
          style={
            Array [
              Object {
                "color": "#fff",
                "fontSize": 27,
              },
              Object {
                "alignSelf": "center",
              },
              Object {
                "fontFamily": "Icomoon",
                "fontStyle": "normal",
                "fontWeight": "normal",
              },
            ]
          }
        >
          
        </Text>
        <Text
          accessible={true}
          allowFontScaling={true}
          ellipsizeMode="tail"
          style={
            Object {
              "color": "#fff",
              "fontSize": 27,
              "paddingStart": 5,
            }
          }
        >
          እናት
        </Text>
      </View>
      <View
        style={
          Object {
            "alignItems": "flex-end",
            "alignSelf": "center",
            "flex": 1,
            "flexDirection": "row",
            "justifyContent": "flex-end",
          }
        }
        virtual={undefined}
      >
        <View
          accessibilityComponentType={undefined}
          accessibilityLabel={undefined}
          accessibilityTraits={undefined}
          accessible={true}
          collapsable={undefined}
          hasTVPreferredFocus={undefined}
          hitSlop={undefined}
          isTVSelectable={true}
          nativeID={undefined}
          onLayout={undefined}
          onResponderGrant={[Function]}
          onResponderMove={[Function]}
          onResponderRelease={[Function]}
          onResponderTerminate={[Function]}
          onResponderTerminationRequest={[Function]}
          onStartShouldSetResponder={[Function]}
          style={
            Object {
              "alignItems": "center",
              "alignSelf": null,
              "backgroundColor": "transparent",
              "borderBottomWidth": null,
              "borderColor": null,
              "borderLeftWidth": null,
              "borderRadius": 50,
              "borderRightWidth": null,
              "borderTopWidth": null,
              "elevation": 0,
              "flexDirection": "row",
              "height": 45,
              "justifyContent": "space-between",
              "marginRight": -9,
              "opacity": 1,
              "paddingBottom": 6,
              "paddingLeft": 15,
              "paddingRight": 15,
              "paddingTop": 6,
              "shadowColor": null,
              "shadowOffset": null,
              "shadowOpacity": null,
              "shadowRadius": null,
            }
          }
          testID={undefined}
          tvParallaxProperties={undefined}
        >
          <Text
            accessible={true}
            allowFontScaling={false}
            ellipsizeMode="tail"
            style={
              Array [
                Object {
                  "color": "white",
                  "fontSize": 27,
                },
                undefined,
                Object {
                  "fontFamily": "Icomoon",
                  "fontStyle": "normal",
                  "fontWeight": "normal",
                },
              ]
            }
          >
            
          </Text>
        </View>
      </View>
    </View>
  </View>
  <View
    style={
      Array [
        Object {},
        Object {
          "flex": 1,
          "flexDirection": "column",
          "marginBottom": 55,
        },
      ]
    }
    virtual={undefined}
  >
    <View
      style={
        Object {
          "alignContent": "center",
          "backgroundColor": "rgb(194, 24, 91)",
          "flex": 0.2,
          "flexDirection": "row",
          "padding": 0,
        }
      }
    >
      <View
        style={
          Array [
            Object {},
            Object {
              "alignItems": "center",
              "justifyContent": "center",
              "padding": 0,
              "width": "100%",
            },
          ]
        }
        virtual={undefined}
      >
        <Text
          accessible={true}
          allowFontScaling={true}
          ellipsizeMode="tail"
          style={
            Array [
              Object {
                "color": "#000",
                "fontFamily": "System",
                "fontSize": 16,
              },
              Object {
                "color": "white",
                "fontSize": 80,
                "fontWeight": "bold",
                "textAlign": "center",
                "textAlignVertical": "center",
              },
            ]
          }
          uppercase={false}
          virtual={undefined}
        >
          እናት
        </Text>
      </View>
    </View>
    <View
      style={
        Object {
          "flex": 0.8,
          "flexDirection": "row",
          "padding": 0,
        }
      }
    >
      <View
        style={
          Array [
            Object {
              "flex": 1,
              "width": null,
            },
            Object {
              "justifyContent": "flex-end",
            },
          ]
        }
      >
        <Image
          source={1}
          style={
            Array [
              Object {
                "bottom": 0,
                "left": 0,
                "position": "absolute",
                "right": 0,
                "top": 0,
              },
              Object {
                "height": undefined,
                "width": undefined,
              },
              undefined,
            ]
          }
        />
        <View
          style={
            Object {
              "backgroundColor": "rgba(235, 58, 124, 0.5)",
              "flex": 0,
              "flexDirection": "column",
              "padding": 7,
              "width": "100%",
            }
          }
        >
          <Text
            accessible={true}
            allowFontScaling={true}
            ellipsizeMode="tail"
            style={
              Array [
                Object {
                  "color": "#000",
                  "fontFamily": "System",
                  "fontSize": 16,
                },
                Object {
                  "alignSelf": "center",
                  "color": "#ffffff",
                  "fontSize": 24,
                  "fontWeight": "bold",
                  "textAlign": "center",
                },
              ]
            }
            uppercase={false}
            virtual={undefined}
          >
            አሁን ያለሽበት ሳምንት
          </Text>
          <Text
            accessible={true}
            allowFontScaling={true}
            ellipsizeMode="tail"
            style={
              Array [
                Object {
                  "color": "#000",
                  "fontFamily": "System",
                  "fontSize": 16,
                },
                Object {
                  "alignSelf": "center",
                  "color": "#ffffff",
                  "fontSize": 24,
                  "fontWeight": "bold",
                  "textAlign": "center",
                },
              ]
            }
            uppercase={false}
            virtual={undefined}
          >
            0
             ሳምንት
          </Text>
          <Text
            accessible={true}
            allowFontScaling={true}
            ellipsizeMode="tail"
            style={
              Array [
                Object {
                  "color": "#000",
                  "fontFamily": "System",
                  "fontSize": 16,
                },
                Object {
                  "alignSelf": "center",
                  "color": "#ffffff",
                  "fontSize": 24,
                  "fontWeight": "bold",
                  "textAlign": "center",
                },
              ]
            }
            uppercase={false}
            virtual={undefined}
          >
            ልጅሽን ለመውለድ የቀረሽ
          </Text>
          <Text
            accessible={true}
            allowFontScaling={true}
            ellipsizeMode="tail"
            style={
              Array [
                Object {
                  "color": "#000",
                  "fontFamily": "System",
                  "fontSize": 16,
                },
                Object {
                  "alignSelf": "center",
                  "color": "#ffffff",
                  "fontSize": 24,
                  "fontWeight": "bold",
                  "textAlign": "center",
                },
              ]
            }
            uppercase={false}
            virtual={undefined}
          >
            0
             ሳምንት ከ
            0
             ቀን
          </Text>
        </View>
      </View>
    </View>
  </View>
  <View
    style={
      Array [
        Object {
          "backgroundColor": "#F8F8F8",
          "borderColor": "#cbcbcb",
          "borderTopWidth": 0.5,
          "elevation": 3,
          "flexDirection": "row",
          "height": 55,
          "justifyContent": "center",
          "left": 0,
          "paddingBottom": 0,
          "right": 0,
        },
        Object {
          "bottom": 0,
          "left": 0,
          "position": "absolute",
          "right": 0,
        },
      ]
    }
    virtual={undefined}
  >
    <View
      style={
        Object {
          "alignSelf": "stretch",
          "flex": 1,
          "flexDirection": "row",
          "justifyContent": "space-between",
        }
      }
      virtual={undefined}
    >
      <View
        accessibilityComponentType={undefined}
        accessibilityLabel={undefined}
        accessibilityTraits={undefined}
        accessible={true}
        collapsable={undefined}
        hasTVPreferredFocus={undefined}
        hitSlop={undefined}
        isTVSelectable={true}
        nativeID={undefined}
        onLayout={undefined}
        onResponderGrant={[Function]}
        onResponderMove={[Function]}
        onResponderRelease={[Function]}
        onResponderTerminate={[Function]}
        onResponderTerminationRequest={[Function]}
        onStartShouldSetResponder={[Function]}
        style={
          Object {
            "alignItems": "center",
            "alignSelf": "center",
            "backgroundColor": "transparent",
            "borderBottomWidth": null,
            "borderColor": null,
            "borderLeftWidth": null,
            "borderRadius": 5,
            "borderRightWidth": null,
            "borderTopWidth": null,
            "elevation": 0,
            "flex": 1,
            "flexDirection": null,
            "height": 55,
            "justifyContent": "center",
            "opacity": 1,
            "paddingBottom": 6,
            "paddingTop": 6,
            "shadowColor": null,
            "shadowOffset": null,
            "shadowOpacity": null,
            "shadowRadius": null,
          }
        }
        testID={undefined}
        tvParallaxProperties={undefined}
      >
        <Text
          accessible={true}
          allowFontScaling={false}
          ellipsizeMode="tail"
          style={
            Array [
              Object {
                "color": "#fff",
                "fontSize": 27,
              },
              undefined,
              Object {
                "fontFamily": "Icomoon",
                "fontStyle": "normal",
                "fontWeight": "normal",
              },
            ]
          }
        >
          
        </Text>
        <Text
          accessible={true}
          allowFontScaling={true}
          ellipsizeMode="tail"
          style={
            Array [
              Object {
                "backgroundColor": "transparent",
                "color": "#6b6b6b",
                "fontFamily": "System",
                "fontSize": 14,
                "lineHeight": 16,
                "marginLeft": 0,
                "marginRight": 0,
                "paddingLeft": 16,
                "paddingRight": 16,
              },
              Object {
                "fontSize": 10,
              },
              Object {
                "paddingLeft": 0,
                "paddingRight": 0,
                "textAlign": "center",
              },
            ]
          }
          uppercase={false}
          virtual={undefined}
        >
          የቤተሰብ ዕቅድ
        </Text>
      </View>
      <View
        accessibilityComponentType={undefined}
        accessibilityLabel={undefined}
        accessibilityTraits={undefined}
        accessible={true}
        collapsable={undefined}
        hasTVPreferredFocus={undefined}
        hitSlop={undefined}
        isTVSelectable={true}
        nativeID={undefined}
        onLayout={undefined}
        onResponderGrant={[Function]}
        onResponderMove={[Function]}
        onResponderRelease={[Function]}
        onResponderTerminate={[Function]}
        onResponderTerminationRequest={[Function]}
        onStartShouldSetResponder={[Function]}
        style={
          Object {
            "alignItems": "center",
            "alignSelf": "center",
            "backgroundColor": "transparent",
            "borderBottomWidth": null,
            "borderColor": null,
            "borderLeftWidth": null,
            "borderRadius": 5,
            "borderRightWidth": null,
            "borderTopWidth": null,
            "elevation": 0,
            "flex": 1,
            "flexDirection": null,
            "height": 55,
            "justifyContent": "center",
            "opacity": 1,
            "paddingBottom": 6,
            "paddingTop": 6,
            "shadowColor": null,
            "shadowOffset": null,
            "shadowOpacity": null,
            "shadowRadius": null,
          }
        }
        testID={undefined}
        tvParallaxProperties={undefined}
      >
        <Text
          accessible={true}
          allowFontScaling={false}
          ellipsizeMode="tail"
          style={
            Array [
              Object {
                "color": "#fff",
                "fontSize": 27,
              },
              undefined,
              Object {
                "fontFamily": "Icomoon",
                "fontStyle": "normal",
                "fontWeight": "normal",
              },
            ]
          }
        >
          
        </Text>
        <Text
          accessible={true}
          allowFontScaling={true}
          ellipsizeMode="tail"
          style={
            Array [
              Object {
                "backgroundColor": "transparent",
                "color": "#6b6b6b",
                "fontFamily": "System",
                "fontSize": 14,
                "lineHeight": 16,
                "marginLeft": 0,
                "marginRight": 0,
                "paddingLeft": 16,
                "paddingRight": 16,
              },
              Object {
                "fontSize": 10,
              },
              Object {
                "paddingLeft": 0,
                "paddingRight": 0,
                "textAlign": "center",
              },
            ]
          }
          uppercase={false}
          virtual={undefined}
        >
          ላንቺ
        </Text>
      </View>
      <View
        accessibilityComponentType={undefined}
        accessibilityLabel={undefined}
        accessibilityTraits={undefined}
        accessible={true}
        collapsable={undefined}
        hasTVPreferredFocus={undefined}
        hitSlop={undefined}
        isTVSelectable={true}
        nativeID={undefined}
        onLayout={undefined}
        onResponderGrant={[Function]}
        onResponderMove={[Function]}
        onResponderRelease={[Function]}
        onResponderTerminate={[Function]}
        onResponderTerminationRequest={[Function]}
        onStartShouldSetResponder={[Function]}
        style={
          Object {
            "alignItems": "center",
            "alignSelf": "center",
            "backgroundColor": "transparent",
            "borderBottomWidth": null,
            "borderColor": null,
            "borderLeftWidth": null,
            "borderRadius": 5,
            "borderRightWidth": null,
            "borderTopWidth": null,
            "elevation": 0,
            "flex": 1,
            "flexDirection": null,
            "height": 55,
            "justifyContent": "center",
            "opacity": 1,
            "paddingBottom": 6,
            "paddingTop": 6,
            "shadowColor": null,
            "shadowOffset": null,
            "shadowOpacity": null,
            "shadowRadius": null,
          }
        }
        testID={undefined}
        tvParallaxProperties={undefined}
      >
        <Text
          accessible={true}
          allowFontScaling={false}
          ellipsizeMode="tail"
          style={
            Array [
              Object {
                "color": "#fff",
                "fontSize": 27,
              },
              undefined,
              Object {
                "fontFamily": "Icomoon",
                "fontStyle": "normal",
                "fontWeight": "normal",
              },
            ]
          }
        >
          
        </Text>
        <Text
          accessible={true}
          allowFontScaling={true}
          ellipsizeMode="tail"
          style={
            Array [
              Object {
                "backgroundColor": "transparent",
                "color": "#6b6b6b",
                "fontFamily": "System",
                "fontSize": 14,
                "lineHeight": 16,
                "marginLeft": 0,
                "marginRight": 0,
                "paddingLeft": 16,
                "paddingRight": 16,
              },
              Object {
                "fontSize": 10,
              },
              Object {
                "paddingLeft": 0,
                "paddingRight": 0,
                "textAlign": "center",
              },
            ]
          }
          uppercase={false}
          virtual={undefined}
        >
          ለልጅሽ
        </Text>
      </View>
      <View
        accessibilityComponentType={undefined}
        accessibilityLabel={undefined}
        accessibilityTraits={undefined}
        accessible={true}
        collapsable={undefined}
        hasTVPreferredFocus={undefined}
        hitSlop={undefined}
        isTVSelectable={true}
        nativeID={undefined}
        onLayout={undefined}
        onResponderGrant={[Function]}
        onResponderMove={[Function]}
        onResponderRelease={[Function]}
        onResponderTerminate={[Function]}
        onResponderTerminationRequest={[Function]}
        onStartShouldSetResponder={[Function]}
        style={
          Object {
            "alignItems": "center",
            "alignSelf": "center",
            "backgroundColor": "transparent",
            "borderBottomWidth": null,
            "borderColor": null,
            "borderLeftWidth": null,
            "borderRadius": 5,
            "borderRightWidth": null,
            "borderTopWidth": null,
            "elevation": 0,
            "flex": 1,
            "flexDirection": null,
            "height": 55,
            "justifyContent": "center",
            "opacity": 1,
            "paddingBottom": 6,
            "paddingTop": 6,
            "shadowColor": null,
            "shadowOffset": null,
            "shadowOpacity": null,
            "shadowRadius": null,
          }
        }
        testID={undefined}
        tvParallaxProperties={undefined}
      >
        <Text
          accessible={true}
          allowFontScaling={false}
          ellipsizeMode="tail"
          style={
            Array [
              Object {
                "color": "#fff",
                "fontSize": 27,
              },
              undefined,
              Object {
                "fontFamily": "Icomoon",
                "fontStyle": "normal",
                "fontWeight": "normal",
              },
            ]
          }
        >
          
        </Text>
        <Text
          accessible={true}
          allowFontScaling={true}
          ellipsizeMode="tail"
          style={
            Array [
              Object {
                "backgroundColor": "transparent",
                "color": "#6b6b6b",
                "fontFamily": "System",
                "fontSize": 14,
                "lineHeight": 16,
                "marginLeft": 0,
                "marginRight": 0,
                "paddingLeft": 16,
                "paddingRight": 16,
              },
              Object {
                "fontSize": 10,
              },
              Object {
                "paddingLeft": 0,
                "paddingRight": 0,
                "textAlign": "center",
              },
            ]
          }
          uppercase={false}
          virtual={undefined}
        >
          ላጋርሽ
        </Text>
      </View>
      <View
        accessibilityComponentType={undefined}
        accessibilityLabel={undefined}
        accessibilityTraits={undefined}
        accessible={true}
        collapsable={undefined}
        hasTVPreferredFocus={undefined}
        hitSlop={undefined}
        isTVSelectable={true}
        nativeID={undefined}
        onLayout={undefined}
        onResponderGrant={[Function]}
        onResponderMove={[Function]}
        onResponderRelease={[Function]}
        onResponderTerminate={[Function]}
        onResponderTerminationRequest={[Function]}
        onStartShouldSetResponder={[Function]}
        style={
          Object {
            "alignItems": "center",
            "alignSelf": "center",
            "backgroundColor": "transparent",
            "borderBottomWidth": null,
            "borderColor": null,
            "borderLeftWidth": null,
            "borderRadius": 5,
            "borderRightWidth": null,
            "borderTopWidth": null,
            "elevation": 0,
            "flex": 1,
            "flexDirection": null,
            "height": 55,
            "justifyContent": "center",
            "opacity": 1,
            "paddingBottom": 6,
            "paddingTop": 6,
            "shadowColor": null,
            "shadowOffset": null,
            "shadowOpacity": null,
            "shadowRadius": null,
          }
        }
        testID={undefined}
        tvParallaxProperties={undefined}
      >
        <Text
          accessible={true}
          allowFontScaling={false}
          ellipsizeMode="tail"
          style={
            Array [
              Object {
                "color": "#fff",
                "fontSize": 27,
              },
              undefined,
              Object {
                "fontFamily": "Icomoon",
                "fontStyle": "normal",
                "fontWeight": "normal",
              },
            ]
          }
        >
          
        </Text>
        <Text
          accessible={true}
          allowFontScaling={true}
          ellipsizeMode="tail"
          style={
            Array [
              Object {
                "backgroundColor": "transparent",
                "color": "#6b6b6b",
                "fontFamily": "System",
                "fontSize": 14,
                "lineHeight": 16,
                "marginLeft": 0,
                "marginRight": 0,
                "paddingLeft": 16,
                "paddingRight": 16,
              },
              Object {
                "fontSize": 10,
              },
              Object {
                "paddingLeft": 0,
                "paddingRight": 0,
                "textAlign": "center",
              },
            ]
          }
          uppercase={false}
          virtual={undefined}
        >
          ብታውቂው
        </Text>
      </View>
    </View>
  </View>
</View>
`;
