// Jest Snapshot v1, https://goo.gl/fbAQLP

exports[`Header test renders header 1`] = `
<View
  onLayout={[Function]}
>
  <View
    style={
      Array [
        Object {
          "backgroundColor": "#F8F8F8",
          "borderBottomColor": "#a7a6ab",
          "borderBottomWidth": 0.5,
          "elevation": 3,
          "flexDirection": "row",
          "height": 64,
          "justifyContent": "center",
          "left": 0,
          "paddingLeft": 6,
          "paddingRight": 10,
          "paddingTop": 18,
          "right": 0,
          "top": 0,
        },
        Object {
          "height": 70,
        },
      ]
    }
    virtual={undefined}
  >
    <View
      style={
        Object {
          "alignItems": "flex-start",
          "alignSelf": "center",
          "flex": 1,
        }
      }
      virtual={undefined}
    >
      <View
        accessibilityComponentType={undefined}
        accessibilityLabel={undefined}
        accessibilityTraits={undefined}
        accessible={true}
        collapsable={undefined}
        hasTVPreferredFocus={undefined}
        hitSlop={undefined}
        isTVSelectable={true}
        nativeID={undefined}
        onLayout={undefined}
        onResponderGrant={[Function]}
        onResponderMove={[Function]}
        onResponderRelease={[Function]}
        onResponderTerminate={[Function]}
        onResponderTerminationRequest={[Function]}
        onStartShouldSetResponder={[Function]}
        style={
          Object {
            "alignItems": "center",
            "alignSelf": null,
            "backgroundColor": "transparent",
            "borderBottomWidth": null,
            "borderColor": null,
            "borderLeftWidth": null,
            "borderRadius": 5,
            "borderRightWidth": null,
            "borderTopWidth": null,
            "elevation": 0,
            "flexDirection": "row",
            "height": 45,
            "justifyContent": "space-between",
            "marginLeft": -3,
            "opacity": 1,
            "paddingBottom": 6,
            "paddingLeft": 4,
            "paddingRight": 6,
            "paddingTop": 6,
            "shadowColor": null,
            "shadowOffset": null,
            "shadowOpacity": null,
            "shadowRadius": null,
          }
        }
        testID={undefined}
        tvParallaxProperties={undefined}
      >
        <Text
          accessible={true}
          allowFontScaling={true}
          ellipsizeMode="tail"
        />
      </View>
    </View>
    <View
      style={
        Array [
          Object {
            "alignItems": "center",
            "alignSelf": "center",
            "flex": 1,
          },
          Object {
            "alignContent": "center",
            "alignSelf": "center",
            "flexDirection": "row",
            "justifyContent": "center",
          },
        ]
      }
      virtual={undefined}
    >
      <Text
        accessible={true}
        allowFontScaling={false}
        ellipsizeMode="tail"
        style={
          Array [
            Object {
              "color": "#fff",
              "fontSize": 27,
            },
            Object {
              "alignSelf": "center",
            },
            Object {
              "fontFamily": "Icomoon",
              "fontStyle": "normal",
              "fontWeight": "normal",
            },
          ]
        }
      >
        
      </Text>
      <Text
        accessible={true}
        allowFontScaling={true}
        ellipsizeMode="tail"
        style={
          Object {
            "color": "#fff",
            "fontSize": 27,
            "paddingStart": 5,
          }
        }
      >
        እናት
      </Text>
    </View>
    <View
      style={
        Object {
          "alignItems": "flex-end",
          "alignSelf": "center",
          "flex": 1,
          "flexDirection": "row",
          "justifyContent": "flex-end",
        }
      }
      virtual={undefined}
    >
      <View
        accessibilityComponentType={undefined}
        accessibilityLabel={undefined}
        accessibilityTraits={undefined}
        accessible={true}
        collapsable={undefined}
        hasTVPreferredFocus={undefined}
        hitSlop={undefined}
        isTVSelectable={true}
        nativeID={undefined}
        onLayout={undefined}
        onResponderGrant={[Function]}
        onResponderMove={[Function]}
        onResponderRelease={[Function]}
        onResponderTerminate={[Function]}
        onResponderTerminationRequest={[Function]}
        onStartShouldSetResponder={[Function]}
        style={
          Object {
            "alignItems": "center",
            "alignSelf": null,
            "backgroundColor": "transparent",
            "borderBottomWidth": null,
            "borderColor": null,
            "borderLeftWidth": null,
            "borderRadius": 50,
            "borderRightWidth": null,
            "borderTopWidth": null,
            "elevation": 0,
            "flexDirection": "row",
            "height": 45,
            "justifyContent": "space-between",
            "marginRight": -9,
            "opacity": 1,
            "paddingBottom": 6,
            "paddingLeft": 15,
            "paddingRight": 15,
            "paddingTop": 6,
            "shadowColor": null,
            "shadowOffset": null,
            "shadowOpacity": null,
            "shadowRadius": null,
          }
        }
        testID={undefined}
        tvParallaxProperties={undefined}
      >
        <Text
          accessible={true}
          allowFontScaling={false}
          ellipsizeMode="tail"
          style={
            Array [
              Object {
                "color": "white",
                "fontSize": 27,
              },
              undefined,
              Object {
                "fontFamily": "Icomoon",
                "fontStyle": "normal",
                "fontWeight": "normal",
              },
            ]
          }
        >
          
        </Text>
      </View>
    </View>
  </View>
</View>
`;
